# Command line = ./build/josephson --R-up=0.1 --R-down=0.1 --spin-mixing-angle=0.0 --eV=0.10 --step-size=0.001 --energy-broadening=0.0000001 --energy-cutoff=20 --order-parameter-cutoff-smoothing=2 --n-phi=3 --T=0.1 --phi-min=0.3 --phi-max=1.5 --show-progress --output case1-out.txt
# Kernel configuration:
# R-up         = 0.1
# R-down       = 0.1
# spin-mixing-angle = 0
# energy-cutoff = 20
# step-size    = 0.001
# eV           = 0.1
# T            = 0.1
# energy-broadening = 1e-07
# order-parameter-cutoff-smoothing = 2
# show-progress = true
# Calculated parameters:
# maximal grid energy = 20.1
# calculated step size = 0.001
# grid size    = 40201
# Program configuration:
# phi-min      = 0.3
# phi-max      = 1.5
# n-phi        = 3
# filename     = output.txt

# phi J
0.3 0.14290577792979625
0.8999999999999999 0.39017489985370296
1.5 0.5905255685369745
